Unity Editor version:    6000.3.20f1 (c9ba695d4f07)
Branch:                  6000.3/staging
Build type:              Release
Batch mode:              YES
System name:             Linux
Distro version:          #6-Ubuntu SMP PREEMPT Tue May 26 12:04:34 UTC 2026
Kernel version:          7.0.0-1006-aws
Architecture:            x86_64
Available memory:        15984 MB
Date:                    2026-07-26T16:28:37Z
[Licensing::Module] Trying to connect to existing licensing client channel...
Initialize udev device monitor.
[Licensing::IpcConnector] Channel LicenseClient-ubuntu doesn't exist
[Licensing::Module] Successfully launched the LicensingClient (PId: 616745)

COMMAND LINE ARGUMENTS:
/home/ubuntu/Unity/Hub/Editor/6000.3.20f1/Editor/Unity
-batchmode
-nographics
-projectPath
.
-executeMethod
WalkTheBlockSceneBuilder.BuildSceneWithVioletCharacter
-logFile
build-scene.log
Successfully changed project path to: /home/ubuntu/violet-and-marlowe-unity/.
/home/ubuntu/violet-and-marlowe-unity
[UnityMemory] Configuration Parameters - Can be set up in boot.config
    "memorysetup-allocator-temp-initial-block-size-main=262144"
    "memorysetup-allocator-temp-initial-block-size-worker=262144"
    "memorysetup-temp-allocator-size-background-worker=32768"
    "memorysetup-temp-allocator-size-job-worker=262144"
    "memorysetup-temp-allocator-size-preload-manager=33554432"
    "memorysetup-temp-allocator-size-nav-mesh-worker=65536"
    "memorysetup-temp-allocator-size-audio-worker=65536"
    "memorysetup-temp-allocator-size-cloud-worker=32768"
    "memorysetup-temp-allocator-size-gi-baking-worker=262144"
    "memorysetup-temp-allocator-size-gi-baking-worker=262144"
    "memorysetup-temp-allocator-size-gi-baking-worker=262144"
    "memorysetup-temp-allocator-size-gi-baking-worker=262144"
    "memorysetup-temp-allocator-size-gi-baking-worker=262144"
    "memorysetup-bucket-allocator-granularity=16"
    "memorysetup-bucket-allocator-bucket-count=8"
    "memorysetup-bucket-allocator-block-size=33554432"
    "memorysetup-bucket-allocator-block-count=8"
    "memorysetup-main-allocator-block-size=16777216"
    "memorysetup-thread-allocator-block-size=16777216"
    "memorysetup-gfx-main-allocator-block-size=16777216"
    "memorysetup-gfx-thread-allocator-block-size=16777216"
    "memorysetup-cache-allocator-block-size=4194304"
    "memorysetup-typetree-allocator-block-size=2097152"
    "memorysetup-profiler-bucket-allocator-granularity=16"
    "memorysetup-profiler-bucket-allocator-bucket-count=8"
    "memorysetup-profiler-bucket-allocator-block-size=33554432"
    "memorysetup-profiler-bucket-allocator-block-count=8"
    "memorysetup-profiler-allocator-block-size=16777216"
    "memorysetup-profiler-editor-allocator-block-size=1048576"
    "memorysetup-temp-allocator-size-main=16777216"
    "memorysetup-job-temp-allocator-block-size=2097152"
    "memorysetup-job-temp-allocator-block-size-background=1048576"
    "memorysetup-job-temp-allocator-reduction-small-platforms=262144"
    "memorysetup-temp-allocator-size-gfx=262144"
Player connection [135881381932416]  Target information:

Player connection [135881381932416]  * "[IP] 172.31.34.122 [Port] 55504 [Flags] 2 [Guid] 3252857894 [EditorId] 3252857894 [Version] 1048832 [Id] LinuxEditor(16,172.31.34.122) [Debug] 1 [PackageName] LinuxEditor [ProjectName] Editor" 

Player connection [135881381932416]  * "[IP] 172.20.0.1 [Port] 55504 [Flags] 2 [Guid] 3252857894 [EditorId] 3252857894 [Version] 1048832 [Id] LinuxEditor(16,172.31.34.122) [Debug] 1 [PackageName] LinuxEditor [ProjectName] Editor" 

Player connection [135881381932416]  * "[IP] 172.17.0.1 [Port] 55504 [Flags] 2 [Guid] 3252857894 [EditorId] 3252857894 [Version] 1048832 [Id] LinuxEditor(16,172.31.34.122) [Debug] 1 [PackageName] LinuxEditor [ProjectName] Editor" 

Player connection [135881381932416]  * "[IP] 100.75.243.40 [Port] 55504 [Flags] 2 [Guid] 3252857894 [EditorId] 3252857894 [Version] 1048832 [Id] LinuxEditor(16,172.31.34.122) [Debug] 1 [PackageName] LinuxEditor [ProjectName] Editor" 

Player connection [135881381932416]  * "[IP] 172.19.0.1 [Port] 55504 [Flags] 2 [Guid] 3252857894 [EditorId] 3252857894 [Version] 1048832 [Id] LinuxEditor(16,172.31.34.122) [Debug] 1 [PackageName] LinuxEditor [ProjectName] Editor" 

Player connection [135881381932416] Host joined multi-casting on [225.0.0.222:54997]...
Player connection [135881381932416] Host joined alternative multi-casting on [225.0.0.222:34997]...
Input System module state changed to: Initialized.
[Physics::Module] Initialized fallback backend.
[Physics::Module] Id: 0xdecafbad
[Package Manager] Connected to IPC stream "Upm-616738" after 0.4 seconds.
[Licensing::Module] Licensing is not yet initialized.
[Licensing::IpcConnector] Successfully connected to: "LicenseClient-ubuntu" at "2026-07-26T16:28:37.836997Z"
[SignatureVerifier] Application signature verification not supported on this platform.
[Licensing::Client] Handshaking with LicensingClient:
  Version:                 1.18.1+9fbee8e
  Session Id:              18e299a296d8481e93eadcbf4b3f116f
  Correlation Id:          e172104360c81853a81d9c89fce8f24d
  External correlation Id: 5706003129845291154
  Machine Id:              x90OabNnkMz+jWI7P8jSYabrvAU=
[Licensing::Module] Successfully connected to LicensingClient on channel: "LicenseClient-ubuntu" (connect: 0.57s, validation: 0.11s, handshake: 0.00s)
[Licensing::IpcConnector] Successfully connected to: "LicenseClient-ubuntu-notifications" at "2026-07-26T16:28:37.943973Z"
[Licensing::Module] Connected to LicensingClient (PId: 616745, launch time: 0.00, total connection time: 0.68s)
[Licensing::Module] Error: Access token is unavailable; failed to update
[Licensing::Client] Successfully resolved entitlement details
[Licensing::Module] License group:
  Id: 11270696607855-UnityPersXXXX
  Product: Unity Personal
  Type: Assigned
  Expiration: Unlimited
[Licensing::Client] Successfully updated license, isAsync: True, time: 0.03
[Licensing::Client] Successfully resolved entitlement details
[Licensing::Module] Licensing Background thread has ended after 0.74s
[Licensing::Module] Licensing is initialized (took 0.29s).
[Licensing::Client] Successfully resolved entitlement details
Library Redirect Path: Library/
ALSA lib confmisc.c:855:(parse_card) [error.core] cannot find card '0'
ALSA lib conf.c:5211:(_snd_config_evaluate) [error.core] function snd_func_card_inum returned error: No such file or directory
ALSA lib confmisc.c:422:(snd_func_concat) [error.core] error evaluating strings
ALSA lib conf.c:5211:(_snd_config_evaluate) [error.core] function snd_func_concat returned error: No such file or directory
ALSA lib confmisc.c:1342:(snd_func_refer) [error.core] error evaluating name
ALSA lib conf.c:5211:(_snd_config_evaluate) [error.core] function snd_func_refer returned error: No such file or directory
ALSA lib conf.c:5734:(snd_config_expand) [error.core] Evaluate error: No such file or directory
ALSA lib pcm.c:2722:(snd_pcm_open_noupdate) [error.pcm] Unknown PCM default
FMOD failed to initialize the output device.: "Error initializing output device. " (60)
Forced to initialize FMOD to to the device driver's system output rate 48000, this may impact performance and/or give inconsistent experiences compared to selected sample rate 48000
ALSA lib confmisc.c:855:(parse_card) [error.core] cannot find card '0'
ALSA lib conf.c:5211:(_snd_config_evaluate) [error.core] function snd_func_card_inum returned error: No such file or directory
ALSA lib confmisc.c:422:(snd_func_concat) [error.core] error evaluating strings
ALSA lib conf.c:5211:(_snd_config_evaluate) [error.core] function snd_func_concat returned error: No such file or directory
ALSA lib confmisc.c:1342:(snd_func_refer) [error.core] error evaluating name
ALSA lib conf.c:5211:(_snd_config_evaluate) [error.core] function snd_func_refer returned error: No such file or directory
ALSA lib conf.c:5734:(snd_config_expand) [error.core] Evaluate error: No such file or directory
ALSA lib pcm.c:2722:(snd_pcm_open_noupdate) [error.pcm] Unknown PCM default
FMOD failed to initialize the output device.: "Error initializing output device. " (60)
FMOD initialized on nosound output
[Physics::Module] Selected backend.
[Physics::Module] Name: PhysX
[Physics::Module] Id: 0xf2b8ea05
[Physics::Module] SDK Version: 4.1.2
[Physics::Module] Integration Version: 1.0.0
[Physics::Module] Threading Mode: Multi-Threaded
[Licensing::Client] Successfully resolved entitlement details
Refreshing native plugins compatible for Editor in 0.45 ms, found 0 plugins.
Preloading 0 native plugins for Editor in 0.00 ms.
Initialize engine version: 6000.3.20f1 (c9ba695d4f07)
[Subsystems] Discovering subsystems at path /home/ubuntu/Unity/Hub/Editor/6000.3.20f1/Editor/Data/Resources/UnitySubsystems
[Subsystems] Discovering subsystems at path /home/ubuntu/violet-and-marlowe-unity/Assets
Forcing GfxDevice: Null
GfxDevice: creating device client; kGfxThreadingModeNonThreaded
NullGfxDevice:
    Version:  NULL 1.0 [1.0]
    Renderer: Null Device
    Vendor:   Unity Technologies
Initialize mono
Mono path[0] = '/home/ubuntu/Unity/Hub/Editor/6000.3.20f1/Editor/Data/Managed'
Mono path[1] = '/home/ubuntu/Unity/Hub/Editor/6000.3.20f1/Editor/Data/MonoBleedingEdge/lib/mono/unityjit-linux'
Mono config path = '/home/ubuntu/Unity/Hub/Editor/6000.3.20f1/Editor/Data/MonoBleedingEdge/etc'
Using monoOptions --debugger-agent=transport=dt_socket,embedding=1,server=y,suspend=n,address=127.0.0.1:56738
Using cacheserver namespaces - metadata:defaultmetadata, artifacts:defaultartifacts
Using cacheserver namespaces - metadata:defaultmetadata, artifacts:defaultartifacts
ImportWorker Server TCP listen port: 0
AcceleratorClientConnectionCallback - disconnected - :0
Begin MonoManager ReloadAssembly
Registering precompiled unity dll's ...
Register platform support module: /home/ubuntu/Unity/Hub/Editor/6000.3.20f1/Editor/Data/PlaybackEngines/AndroidPlayer/UnityEditor.Android.Extensions.dll
Register platform support module: /home/ubuntu/Unity/Hub/Editor/6000.3.20f1/Editor/Data/PlaybackEngines/LinuxStandaloneSupport/UnityEditor.LinuxStandalone.Extensions.dll
Registered in 0.002345 seconds.
- Loaded All Assemblies, in  0.608 seconds
Native extension for LinuxStandalone target not found
Native extension for Android target not found
Package Manager log level set to [2]
[Licensing::Client] Successfully resolved entitlement details
ScheduleIndexationOnStartup MainProcess:False IndexOnStartup:True
Mono: successfully reloaded assembly
- Finished resetting the current domain, in  1.792 seconds
Domain Reload Profiling: 2401ms
	BeginReloadAssembly (162ms)
		ExecutionOrderSort (0ms)
		DisableScriptedObjects (0ms)
		BackupInstance (0ms)
		ReleaseScriptingObjects (0ms)
		CreateAndSetChildDomain (19ms)
	RebuildCommonClasses (58ms)
	RebuildNativeTypeToScriptingClass (15ms)
	initialDomainReloadingComplete (94ms)
	LoadAllAssembliesAndSetupDomain (279ms)
		LoadAssemblies (144ms)
		RebuildTransferFunctionScriptingTraits (0ms)
		AnalyzeDomain (272ms)
			TypeCache.Refresh (270ms)
				TypeCache.ScanAssembly (246ms)
			BuildScriptInfoCaches (0ms)
			ResolveRequiredComponents (1ms)
	FinalizeReload (1793ms)
		ReleaseScriptCaches (0ms)
		RebuildScriptCaches (0ms)
		SetupLoadedEditorAssemblies (1726ms)
			LogAssemblyErrors (0ms)
			InitializePlatformSupportModulesInManaged (103ms)
			SetLoadedEditorAssemblies (8ms)
			BeforeProcessingInitializeOnLoad (164ms)
			ProcessInitializeOnLoadAttributes (276ms)
			ProcessInitializeOnLoadMethodAttributes (1174ms)
			AfterProcessingInitializeOnLoad (0ms)
			EditorAssembliesLoaded (0ms)
		ExecutionOrderSort2 (0ms)
		AwakeInstancesAfterBackupRestoration (0ms)
[Licensing::Client] Successfully resolved entitlement details
[Licensing::Client] Successfully resolved entitlement details
Application.AssetDatabase Initial Refresh Start
[Package Manager] Restoring resolved packages state from cache
[Licensing::Client] Successfully resolved entitlement details
[Package Manager] Registered 61 packages:
  Packages from [https://packages.unity.com]:
    com.unity.collab-proxy@2.12.4 (location: /home/ubuntu/violet-and-marlowe-unity/Library/PackageCache/com.unity.collab-proxy@0b1559bcd34e)
    com.unity.inputsystem@1.19.0 (location: /home/ubuntu/violet-and-marlowe-unity/Library/PackageCache/com.unity.inputsystem@21a28c3a6c83)
    com.unity.timeline@1.8.12 (location: /home/ubuntu/violet-and-marlowe-unity/Library/PackageCache/com.unity.timeline@8cd8509afae5)
    com.unity.visualscripting@1.9.11 (location: /home/ubuntu/violet-and-marlowe-unity/Library/PackageCache/com.unity.visualscripting@8bed5ad90189)
    com.unity.ide.visualstudio@2.0.26 (location: /home/ubuntu/violet-and-marlowe-unity/Library/PackageCache/com.unity.ide.visualstudio@a99d56dec63f)
    com.unity.ide.rider@3.0.40 (location: /home/ubuntu/violet-and-marlowe-unity/Library/PackageCache/com.unity.ide.rider@e4950c6d131b)
    com.unity.editorcoroutines@1.1.0 (location: /home/ubuntu/violet-and-marlowe-unity/Library/PackageCache/com.unity.editorcoroutines@87a15ed012c2)
    com.unity.performance.profile-analyzer@1.4.0 (location: /home/ubuntu/violet-and-marlowe-unity/Library/PackageCache/com.unity.performance.profile-analyzer@2bb26871883c)
    com.unity.testtools.codecoverage@1.3.0 (location: /home/ubuntu/violet-and-marlowe-unity/Library/PackageCache/com.unity.testtools.codecoverage@19a841221620)
    com.unity.searcher@4.9.4 (location: /home/ubuntu/violet-and-marlowe-unity/Library/PackageCache/com.unity.searcher@d45a78918735)
    com.unity.burst@1.8.29 (location: /home/ubuntu/violet-and-marlowe-unity/Library/PackageCache/com.unity.burst@6bb9aca3ef38)
    com.unity.mathematics@1.3.3 (location: /home/ubuntu/violet-and-marlowe-unity/Library/PackageCache/com.unity.mathematics@19a9377c4ffa)
    com.unity.collections@2.6.6 (location: /home/ubuntu/violet-and-marlowe-unity/Library/PackageCache/com.unity.collections@9796e5ee0d9e)
    com.unity.settings-manager@2.1.1 (location: /home/ubuntu/violet-and-marlowe-unity/Library/PackageCache/com.unity.settings-manager@0b8638c5ce86)
    com.unity.nuget.mono-cecil@1.11.6 (location: /home/ubuntu/violet-and-marlowe-unity/Library/PackageCache/com.unity.nuget.mono-cecil@ecb9724e46ff)
    com.unity.test-framework.performance@3.5.0 (location: /home/ubuntu/violet-and-marlowe-unity/Library/PackageCache/com.unity.test-framework.performance@8b56083ec0f0)
  Built-in packages:
    com.unity.feature.development@1.0.2 (location: /home/ubuntu/violet-and-marlowe-unity/Library/PackageCache/com.unity.feature.development@767aadbc6eb7)
    com.unity.render-pipelines.universal@17.3.0 (location: /home/ubuntu/violet-and-marlowe-unity/Library/PackageCache/com.unity.render-pipelines.universal@25dc82fa87d3)
    com.unity.test-framework@1.6.0 (location: /home/ubuntu/violet-and-marlowe-unity/Library/PackageCache/com.unity.test-framework@0bd5c5194236)
    com.unity.multiplayer.center@1.0.1 (location: /home/ubuntu/violet-and-marlowe-unity/Library/PackageCache/com.unity.multiplayer.center@53ad5a5c2bfb)
    com.unity.ugui@2.0.0 (location: /home/ubuntu/violet-and-marlowe-unity/Library/PackageCache/com.unity.ugui@5e3c170cdd2e)
    com.unity.modules.accessibility@1.0.0 (location: /home/ubuntu/violet-and-marlowe-unity/Library/PackageCache/com.unity.modules.accessibility)
    com.unity.modules.adaptiveperformance@1.0.0 (location: /home/ubuntu/violet-and-marlowe-unity/Library/PackageCache/com.unity.modules.adaptiveperformance)
    com.unity.modules.ai@1.0.0 (location: /home/ubuntu/violet-and-marlowe-unity/Library/PackageCache/com.unity.modules.ai)
    com.unity.modules.androidjni@1.0.0 (location: /home/ubuntu/violet-and-marlowe-unity/Library/PackageCache/com.unity.modules.androidjni)
    com.unity.modules.animation@1.0.0 (location: /home/ubuntu/violet-and-marlowe-unity/Library/PackageCache/com.unity.modules.animation)
    com.unity.modules.assetbundle@1.0.0 (location: /home/ubuntu/violet-and-marlowe-unity/Library/PackageCache/com.unity.modules.assetbundle)
    com.unity.modules.audio@1.0.0 (location: /home/ubuntu/violet-and-marlowe-unity/Library/PackageCache/com.unity.modules.audio)
    com.unity.modules.cloth@1.0.0 (location: /home/ubuntu/violet-and-marlowe-unity/Library/PackageCache/com.unity.modules.cloth)
    com.unity.modules.director@1.0.0 (location: /home/ubuntu/violet-and-marlowe-unity/Library/PackageCache/com.unity.modules.director)
    com.unity.modules.imageconversion@1.0.0 (location: /home/ubuntu/violet-and-marlowe-unity/Library/PackageCache/com.unity.modules.imageconversion)
    com.unity.modules.imgui@1.0.0 (location: /home/ubuntu/violet-and-marlowe-unity/Library/PackageCache/com.unity.modules.imgui)
    com.unity.modules.jsonserialize@1.0.0 (location: /home/ubuntu/violet-and-marlowe-unity/Library/PackageCache/com.unity.modules.jsonserialize)
    com.unity.modules.particlesystem@1.0.0 (location: /home/ubuntu/violet-and-marlowe-unity/Library/PackageCache/com.unity.modules.particlesystem)
    com.unity.modules.physics@1.0.0 (location: /home/ubuntu/violet-and-marlowe-unity/Library/PackageCache/com.unity.modules.physics)
    com.unity.modules.physics2d@1.0.0 (location: /home/ubuntu/violet-and-marlowe-unity/Library/PackageCache/com.unity.modules.physics2d)
    com.unity.modules.screencapture@1.0.0 (location: /home/ubuntu/violet-and-marlowe-unity/Library/PackageCache/com.unity.modules.screencapture)
    com.unity.modules.terrain@1.0.0 (location: /home/ubuntu/violet-and-marlowe-unity/Library/PackageCache/com.unity.modules.terrain)
    com.unity.modules.terrainphysics@1.0.0 (location: /home/ubuntu/violet-and-marlowe-unity/Library/PackageCache/com.unity.modules.terrainphysics)
    com.unity.modules.tilemap@1.0.0 (location: /home/ubuntu/violet-and-marlowe-unity/Library/PackageCache/com.unity.modules.tilemap)
    com.unity.modules.ui@1.0.0 (location: /home/ubuntu/violet-and-marlowe-unity/Library/PackageCache/com.unity.modules.ui)
    com.unity.modules.uielements@1.0.0 (location: /home/ubuntu/violet-and-marlowe-unity/Library/PackageCache/com.unity.modules.uielements)
    com.unity.modules.umbra@1.0.0 (location: /home/ubuntu/violet-and-marlowe-unity/Library/PackageCache/com.unity.modules.umbra)
    com.unity.modules.unityanalytics@1.0.0 (location: /home/ubuntu/violet-and-marlowe-unity/Library/PackageCache/com.unity.modules.unityanalytics)
    com.unity.modules.unitywebrequest@1.0.0 (location: /home/ubuntu/violet-and-marlowe-unity/Library/PackageCache/com.unity.modules.unitywebrequest)
    com.unity.modules.unitywebrequestassetbundle@1.0.0 (location: /home/ubuntu/violet-and-marlowe-unity/Library/PackageCache/com.unity.modules.unitywebrequestassetbundle)
    com.unity.modules.unitywebrequestaudio@1.0.0 (location: /home/ubuntu/violet-and-marlowe-unity/Library/PackageCache/com.unity.modules.unitywebrequestaudio)
    com.unity.modules.unitywebrequesttexture@1.0.0 (location: /home/ubuntu/violet-and-marlowe-unity/Library/PackageCache/com.unity.modules.unitywebrequesttexture)
    com.unity.modules.unitywebrequestwww@1.0.0 (location: /home/ubuntu/violet-and-marlowe-unity/Library/PackageCache/com.unity.modules.unitywebrequestwww)
    com.unity.modules.vectorgraphics@1.0.0 (location: /home/ubuntu/violet-and-marlowe-unity/Library/PackageCache/com.unity.modules.vectorgraphics)
    com.unity.modules.vehicles@1.0.0 (location: /home/ubuntu/violet-and-marlowe-unity/Library/PackageCache/com.unity.modules.vehicles)
    com.unity.modules.video@1.0.0 (location: /home/ubuntu/violet-and-marlowe-unity/Library/PackageCache/com.unity.modules.video)
    com.unity.modules.vr@1.0.0 (location: /home/ubuntu/violet-and-marlowe-unity/Library/PackageCache/com.unity.modules.vr)
    com.unity.modules.wind@1.0.0 (location: /home/ubuntu/violet-and-marlowe-unity/Library/PackageCache/com.unity.modules.wind)
    com.unity.modules.xr@1.0.0 (location: /home/ubuntu/violet-and-marlowe-unity/Library/PackageCache/com.unity.modules.xr)
    com.unity.modules.subsystems@1.0.0 (location: /home/ubuntu/violet-and-marlowe-unity/Library/PackageCache/com.unity.modules.subsystems)
    com.unity.modules.hierarchycore@1.0.0 (location: /home/ubuntu/violet-and-marlowe-unity/Library/PackageCache/com.unity.modules.hierarchycore)
    com.unity.ext.nunit@2.0.5 (location: /home/ubuntu/violet-and-marlowe-unity/Library/PackageCache/com.unity.ext.nunit@ec2d0043d6fc)
    com.unity.render-pipelines.core@17.3.0 (location: /home/ubuntu/violet-and-marlowe-unity/Library/PackageCache/com.unity.render-pipelines.core@11fc77efc310)
    com.unity.shadergraph@17.3.0 (location: /home/ubuntu/violet-and-marlowe-unity/Library/PackageCache/com.unity.shadergraph@1e99c239931b)
    com.unity.render-pipelines.universal-config@17.0.3 (location: /home/ubuntu/violet-and-marlowe-unity/Library/PackageCache/com.unity.render-pipelines.universal-config@dbe3fd082d8f)
[Subsystems] No new subsystems found in resolved package list.
[Package Manager] Done registering packages in 0.01 seconds
[40m[32minfo[39m[22m[49m: Microsoft.Hosting.Lifetime[14]
      Now listening on: http://unix:/tmp/ilpp.sock-921afec3e86500132eca42854089e699
[40m[32minfo[39m[22m[49m: Microsoft.Hosting.Lifetime[0]
      Application started. Press Ctrl+C to shut down.
[40m[32minfo[39m[22m[49m: Microsoft.Hosting.Lifetime[0]
      Hosting environment: Production
[40m[32minfo[39m[22m[49m: Microsoft.Hosting.Lifetime[0]
      Content root path: /home/ubuntu/violet-and-marlowe-unity/
[40m[32minfo[39m[22m[49m: Microsoft.AspNetCore.Hosting.Diagnostics[1]
      Request starting HTTP/2 POST http://ilpp/UnityILPP.PostProcessing/Ping application/grpc -
[40m[32minfo[39m[22m[49m: Microsoft.AspNetCore.Routing.EndpointMiddleware[0]
      Executing endpoint 'gRPC - /UnityILPP.PostProcessing/Ping'
[40m[32minfo[39m[22m[49m: Microsoft.AspNetCore.Routing.EndpointMiddleware[1]
      Executed endpoint 'gRPC - /UnityILPP.PostProcessing/Ping'
[40m[32minfo[39m[22m[49m: Microsoft.AspNetCore.Hosting.Diagnostics[2]
      Request finished HTTP/2 POST http://ilpp/UnityILPP.PostProcessing/Ping application/grpc - - 200 - application/grpc 68.1282ms
Starting: /home/ubuntu/Unity/Hub/Editor/6000.3.20f1/Editor/Data/Tools/BuildPipeline/bee_backend --ipc --defer-dag-verification --dagfile="Library/Bee/1300b0aE.dag" --continue-on-failure --profile="Library/Bee/backend1.traceevents" ScriptAssemblies
WorkingDir: /home/ubuntu/violet-and-marlowe-unity
[40m[32minfo[39m[22m[49m: Microsoft.AspNetCore.Hosting.Diagnostics[1]
      Request starting HTTP/2 POST http://ilpp/UnityILPP.PostProcessing/ConfigurePostProcessors application/grpc -
[40m[32minfo[39m[22m[49m: Microsoft.AspNetCore.Routing.EndpointMiddleware[0]
      Executing endpoint 'gRPC - /UnityILPP.PostProcessing/ConfigurePostProcessors'
[40m[1m[33mwarn[39m[22m[49m: Unity.ILPP.Runner.PostProcessingAssemblyLoadContext[0]
      Assembly system.runtime.interopservices.windowsruntime has duplicate hint path. Ignoring "/home/ubuntu/Unity/Hub/Editor/6000.3.20f1/Editor/Data/UnityReferenceAssemblies/unity-4.8-api/Facades/System.Runtime.InteropServices.WindowsRuntime.dll" in favor of "/home/ubuntu/Unity/Hub/Editor/6000.3.20f1/Editor/Data/NetStandard/Extensions/2.0.0/System.Runtime.InteropServices.WindowsRuntime.dll"
[40m[1m[33mwarn[39m[22m[49m: Unity.ILPP.Runner.PostProcessingAssemblyLoadContext[0]
      Assembly system.componentmodel.composition has duplicate hint path. Ignoring "/home/ubuntu/Unity/Hub/Editor/6000.3.20f1/Editor/Data/UnityReferenceAssemblies/unity-4.8-api/System.ComponentModel.Composition.dll" in favor of "/home/ubuntu/Unity/Hub/Editor/6000.3.20f1/Editor/Data/NetStandard/compat/2.1.0/shims/netfx/System.ComponentModel.Composition.dll"
[40m[32minfo[39m[22m[49m: Unity.ILPP.Runner.PostProcessingAssemblyLoadContext[0]
      Resolved Unity.Burst.Cecil, Version=0.11.6.0, Culture=neutral, PublicKeyToken=50cebf1cceb9d05e with Library/PackageCache/com.unity.burst@6bb9aca3ef38/Unity.Burst.CodeGen/Unity.Burst.Cecil.dll
[40m[32minfo[39m[22m[49m: Unity.ILPP.Runner.PostProcessingAssemblyLoadContext[0]
      Resolved Mono.Cecil, Version=0.11.5.0, Culture=neutral, PublicKeyToken=50cebf1cceb9d05e with Library/PackageCache/com.unity.nuget.mono-cecil@ecb9724e46ff/Mono.Cecil.dll
[40m[32minfo[39m[22m[49m: Microsoft.AspNetCore.Routing.EndpointMiddleware[1]
      Executed endpoint 'gRPC - /UnityILPP.PostProcessing/ConfigurePostProcessors'
[40m[32minfo[39m[22m[49m: Microsoft.AspNetCore.Hosting.Diagnostics[2]
      Request finished HTTP/2 POST http://ilpp/UnityILPP.PostProcessing/ConfigurePostProcessors application/grpc - - 200 - application/grpc 37.4633ms
DisplayProgressbar: Compiling Scripts
ExitCode: 0 Duration: 0s300ms
[639/829    0s] ILPP-Configuration Library/ilpp-configuration.nevergeneratedoutput
*** Tundra build success (0.27 seconds), 1 items updated, 829 evaluated
AssetDatabase: script compilation time: 1.066605s
Total cache size 217349797
Total cache size after purge 217349797, took 00:00:00.0668353
Begin MonoManager ReloadAssembly
- Loaded All Assemblies, in  1.277 seconds
Refreshing native plugins compatible for Editor in 0.83 ms, found 0 plugins.
Native extension for LinuxStandalone target not found
Native extension for Android target not found
Build settings updated: WalkTheBlock scene added
UnityEngine.Debug:ExtractStackTraceNoAlloc (byte*,int,string)
UnityEngine.StackTraceUtility:ExtractStackTrace () (at /home/bokken/build/output/unity/unity/Runtime/Export/Scripting/StackTrace.cs:35)
UnityEngine.DebugLogHandler:Internal_Log (UnityEngine.LogType,UnityEngine.LogOption,string,UnityEngine.Object)
UnityEngine.DebugLogHandler:LogFormat (UnityEngine.LogType,UnityEngine.Object,string,object[])
UnityEngine.Logger:Log (UnityEngine.LogType,object)
UnityEngine.Debug:Log (object)
BuildSettingsSetup:.cctor () (at Assets/Editor/BuildSettingsSetup.cs:14)
System.Runtime.CompilerServices.RuntimeHelpers:RunClassConstructor (System.RuntimeTypeHandle)
UnityEditor.EditorAssemblies:ProcessInitializeOnLoadAttributes (System.Type[]) (at /home/bokken/build/output/unity/unity/Editor/Mono/EditorAssemblies.cs:124)

(Filename: Assets/Editor/BuildSettingsSetup.cs Line: 14)

Refreshing native plugins compatible for Editor in 0.89 ms, found 0 plugins.
ScheduleIndexationOnStartup MainProcess:True IndexOnStartup:True
Mono: successfully reloaded assembly
- Finished resetting the current domain, in  4.854 seconds
Domain Reload Profiling: 6129ms
	BeginReloadAssembly (272ms)
		ExecutionOrderSort (0ms)
		DisableScriptedObjects (29ms)
		BackupInstance (0ms)
		ReleaseScriptingObjects (0ms)
		CreateAndSetChildDomain (71ms)
	RebuildCommonClasses (57ms)
	RebuildNativeTypeToScriptingClass (15ms)
	initialDomainReloadingComplete (53ms)
	LoadAllAssembliesAndSetupDomain (878ms)
		LoadAssemblies (521ms)
		RebuildTransferFunctionScriptingTraits (0ms)
		AnalyzeDomain (474ms)
			TypeCache.Refresh (346ms)
				TypeCache.ScanAssembly (322ms)
			BuildScriptInfoCaches (102ms)
			ResolveRequiredComponents (20ms)
	FinalizeReload (4855ms)
		ReleaseScriptCaches (0ms)
		RebuildScriptCaches (0ms)
		SetupLoadedEditorAssemblies (4242ms)
			LogAssemblyErrors (0ms)
			InitializePlatformSupportModulesInManaged (56ms)
			SetLoadedEditorAssemblies (6ms)
			BeforeProcessingInitializeOnLoad (275ms)
			ProcessInitializeOnLoadAttributes (3732ms)
			ProcessInitializeOnLoadMethodAttributes (166ms)
			AfterProcessingInitializeOnLoad (6ms)
			EditorAssembliesLoaded (0ms)
		ExecutionOrderSort2 (0ms)
		AwakeInstancesAfterBackupRestoration (84ms)
Asset Pipeline Refresh (id=c000dad754e031bbf9ef823a154b24b3): Total: 8.544 seconds - Initiated by InitialRefreshV2(ForceSynchronousImport)
	Summary:
		Imports: total=0 (actual=0, local cache=0, cache server=0)
		Asset DB Process Time: managed=0 ms, native=5935 ms
		Asset DB Callback time: managed=172 ms, native=14 ms
		Scripting: domain reloads=1, domain reload time=1278 ms, compile time=1070 ms, other=72 ms
		Project Asset Count: scripts=1315, non-scripts=2309
		Asset File Changes: new=0, changed=0, moved=0, deleted=0
		Scan Filter Count: 1
	InvokeCustomDependenciesCallbacks: 0.007ms
	InvokePackagesCallback: 15.377ms
	ApplyChangesToAssetFolders: 1.735ms
	Scan: 619.395ms
	OnSourceAssetsModified: 0.010ms
	CategorizeAssetsWithTransientArtifact: 75.997ms
	ProcessAssetsWithTransientArtifactChanges: 124.019ms
	CategorizeAssets: 72.596ms
	ImportOutOfDateAssets: 4868.511ms (3796.497ms without children)
		CompileScripts: 1069.719ms
		ReloadNativeAssets: 0.001ms
		UnloadImportedAssets: 0.402ms
		EnsureUptoDateAssetsAreRegisteredWithGuidPM: 0.863ms
		InitializingProgressBar: 0.001ms
		PostProcessAllAssetNotificationsAddChangedAssets: 0.002ms
		OnDemandSchedulerStart: 1.026ms
	PostProcessAllAssets: 172.672ms
	GatherAllCurrentPrimaryArtifactRevisions: 0.001ms
	UnloadStreamsBegin: 2.189ms
	PersistCurrentRevisions: 0.210ms
	UnloadStreamsEnd: 0.002ms
	GenerateScriptTypeHashes: 3.363ms
	Untracked: 2590.800ms

Application.AssetDatabase Initial Refresh End
Scanning for USB devices : 0.114ms
Initializing Unity extensions:
UpdateMenuTitleForLanguage: 10
[MODES] ModeService[none].Initialize
[MODES] ModeService[none].LoadModes
[MODES] Loading mode Default (0) for mode-current-id-violet-and-marlowe-unity
Cannot add menu item 'VioletAndMarlowe/Build Scene With Violet Model' for method 'WalkTheBlockSceneBuilder.BuildSceneWithVioletCharacter' because a menu item with the same name already exists.
UnityEngine.Debug:ExtractStackTraceNoAlloc (byte*,int,string)
UnityEngine.StackTraceUtility:ExtractStackTrace () (at /home/bokken/build/output/unity/unity/Runtime/Export/Scripting/StackTrace.cs:35)
UnityEngine.DebugLogHandler:Internal_Log (UnityEngine.LogType,UnityEngine.LogOption,string,UnityEngine.Object)
UnityEngine.DebugLogHandler:LogFormat (UnityEngine.LogType,UnityEngine.Object,string,object[])
UnityEngine.Logger:Log (UnityEngine.LogType,object)
UnityEngine.Debug:LogWarning (object)
UnityEditor.MenuItemScriptCommand:Update (UnityEditor.MenuItem,System.Reflection.MethodInfo) (at /home/bokken/build/output/unity/unity/Editor/Mono/MenuItem.cs:128)
UnityEditor.MenuService:ExtractMenuItemsFromAttributes () (at /home/bokken/build/output/unity/unity/Editor/Mono/EditorMode/MenuService.cs:375)
UnityEditor.MenuService:GetMenuItemsFromAttributesById (string) (at /home/bokken/build/output/unity/unity/Editor/Mono/EditorMode/MenuService.cs:310)
UnityEditor.MenuService:GetMenuItemsFromAttributes () (at /home/bokken/build/output/unity/unity/Editor/Mono/EditorMode/MenuService.cs:64)

(Filename: /home/bokken/build/output/unity/unity/Editor/Mono/MenuItem.cs Line: 128)

Unloading 224 Unused Serialized files (Serialized files now loaded: 0)
Unloading 6618 unused Assets / (10.2 MB). Loaded Objects now: 7359.
Memory consumption went from 212.5 MB to 202.4 MB.
Total: 21.343096 ms (FindLiveObjects: 0.967418 ms CreateObjectMapping: 0.786733 ms MarkObjects: 10.862500 ms  DeleteObjects: 8.721672 ms)

Start importing Assets/Art/Characters/Violet/violet_tbp.fbx using Guid(eb5207fcea3db20a99ffddda3211f4cc) (FBXImporter)Launched and connected shader compiler UnityShaderCompiler after 0.04 seconds
Keyframe reduction: Ratio: 100.000000%;
 -> (artifact id: '35745118555beb892e0ce6d1ad0edd14') in 0.416627147 seconds
Refreshing native plugins compatible for Editor in 0.86 ms, found 0 plugins.
Preloading 0 native plugins for Editor in 0.00 ms.
Asset Pipeline Refresh (id=ce22a8a0102424ebc9f93031d0a7dc23): Total: 0.690 seconds - Initiated by StopAssetImportingV2(NoUpdateAssetOptions)
	Summary:
		Imports: total=1 (actual=1, local cache=0, cache server=0)
		Asset DB Process Time: managed=102 ms, native=395 ms
		Asset DB Callback time: managed=188 ms, native=3 ms
		Scripting: domain reloads=0, domain reload time=0 ms, compile time=0 ms, other=0 ms
		Project Asset Count: scripts=1315, non-scripts=2309
		Asset File Changes: new=0, changed=0, moved=0, deleted=0
		Scan Filter Count: 5
	InvokeCustomDependenciesCallbacks: 0.003ms
	InvokePackagesCallback: 0.003ms
	ApplyChangesToAssetFolders: 0.349ms
	Scan: 10.719ms
	OnSourceAssetsModified: 0.004ms
	CategorizeAssetsWithTransientArtifact: 0.012ms
	ProcessAssetsWithTransientArtifactChanges: 0.280ms
	CategorizeAssets: 49.346ms
	ImportOutOfDateAssets: 424.949ms (0.070ms without children)
		ImportManagerImport: 422.556ms (5.518ms without children)
			ImportInProcess: 416.982ms
			UpdateCategorizedAssets: 0.056ms
		ReloadNativeAssets: 0.028ms
		UnloadImportedAssets: 0.234ms
		ReloadImportedAssets: 0.438ms
		EnsureUptoDateAssetsAreRegisteredWithGuidPM: 0.700ms
		InitializingProgressBar: 0.006ms
		PostProcessAllAssetNotificationsAddChangedAssets: 0.002ms
		OnDemandSchedulerStart: 0.914ms
	PostProcessAllAssets: 191.028ms
	Hotreload: 1.200ms
	GatherAllCurrentPrimaryArtifactRevisions: 0.359ms
	UnloadStreamsBegin: 0.170ms
	PersistCurrentRevisions: 0.172ms
	UnloadStreamsEnd: 0.001ms
	Untracked: 11.589ms

[WalkTheBlockSceneBuilder] Rig setup applied and saved.
UnityEngine.Debug:ExtractStackTraceNoAlloc (byte*,int,string)
UnityEngine.StackTraceUtility:ExtractStackTrace () (at /home/bokken/build/output/unity/unity/Runtime/Export/Scripting/StackTrace.cs:35)
UnityEngine.DebugLogHandler:Internal_Log (UnityEngine.LogType,UnityEngine.LogOption,string,UnityEngine.Object)
UnityEngine.DebugLogHandler:LogFormat (UnityEngine.LogType,UnityEngine.Object,string,object[])
UnityEngine.Logger:Log (UnityEngine.LogType,object)
UnityEngine.Debug:Log (object)
WalkTheBlockSceneBuilder:BuildSceneWithVioletCharacter () (at Assets/Editor/WalkTheBlockSceneBuilder.cs:95)

(Filename: Assets/Editor/WalkTheBlockSceneBuilder.cs Line: 95)

Unloading 1 Unused Serialized files (Serialized files now loaded: 0)
Unloading 120 unused Assets / (Unknown). Loaded Objects now: 7369.
Memory consumption went from 177.8 MB to 179.8 MB.
Total: 13.628572 ms (FindLiveObjects: 0.400562 ms CreateObjectMapping: 0.247195 ms MarkObjects: 12.871608 ms  DeleteObjects: 0.104452 ms)

[BankBuilder] Bank built: exterior walls, doorway, interior, vault, vault door, carrot sack, triggers, HeistManager
UnityEngine.Debug:ExtractStackTraceNoAlloc (byte*,int,string)
UnityEngine.StackTraceUtility:ExtractStackTrace () (at /home/bokken/build/output/unity/unity/Runtime/Export/Scripting/StackTrace.cs:35)
UnityEngine.DebugLogHandler:Internal_Log (UnityEngine.LogType,UnityEngine.LogOption,string,UnityEngine.Object)
UnityEngine.DebugLogHandler:LogFormat (UnityEngine.LogType,UnityEngine.Object,string,object[])
UnityEngine.Logger:Log (UnityEngine.LogType,object)
UnityEngine.Debug:Log (object)
BankBuilder:BuildBank (UnityEngine.GameObject,UnityEngine.Material,UnityEngine.Material) (at Assets/Editor/BankBuilder.cs:139)
WalkTheBlockSceneBuilder:BuildScene () (at Assets/Editor/WalkTheBlockSceneBuilder.cs:64)
WalkTheBlockSceneBuilder:BuildSceneWithVioletCharacter () (at Assets/Editor/WalkTheBlockSceneBuilder.cs:107)

(Filename: Assets/Editor/BankBuilder.cs Line: 139)

[MobileControlsSetup] Could not find MonoScript for SafeAreaFitter
UnityEngine.Debug:ExtractStackTraceNoAlloc (byte*,int,string)
UnityEngine.StackTraceUtility:ExtractStackTrace () (at /home/bokken/build/output/unity/unity/Runtime/Export/Scripting/StackTrace.cs:35)
UnityEngine.DebugLogHandler:Internal_Log (UnityEngine.LogType,UnityEngine.LogOption,string,UnityEngine.Object)
UnityEngine.DebugLogHandler:LogFormat (UnityEngine.LogType,UnityEngine.Object,string,object[])
UnityEngine.Logger:Log (UnityEngine.LogType,object)
UnityEngine.Debug:LogWarning (object)
MobileControlsSetup:FixScriptReference<SafeAreaFitter> (UnityEngine.GameObject) (at Assets/Editor/MobileControlsSetup.cs:39)
MobileControlsSetup:SetupMobileControls () (at Assets/Editor/MobileControlsSetup.cs:77)
WalkTheBlockSceneBuilder:BuildScene () (at Assets/Editor/WalkTheBlockSceneBuilder.cs:67)
WalkTheBlockSceneBuilder:BuildSceneWithVioletCharacter () (at Assets/Editor/WalkTheBlockSceneBuilder.cs:107)

(Filename: Assets/Editor/MobileControlsSetup.cs Line: 39)

[MobileControls] EventSystem has InputSystemUIInputModule: True
UnityEngine.Debug:ExtractStackTraceNoAlloc (byte*,int,string)
UnityEngine.StackTraceUtility:ExtractStackTrace () (at /home/bokken/build/output/unity/unity/Runtime/Export/Scripting/StackTrace.cs:35)
UnityEngine.DebugLogHandler:Internal_Log (UnityEngine.LogType,UnityEngine.LogOption,string,UnityEngine.Object)
UnityEngine.DebugLogHandler:LogFormat (UnityEngine.LogType,UnityEngine.Object,string,object[])
UnityEngine.Logger:Log (UnityEngine.LogType,object)
UnityEngine.Debug:Log (object)
MobileControlsSetup:SetupMobileControls () (at Assets/Editor/MobileControlsSetup.cs:98)
WalkTheBlockSceneBuilder:BuildScene () (at Assets/Editor/WalkTheBlockSceneBuilder.cs:67)
WalkTheBlockSceneBuilder:BuildSceneWithVioletCharacter () (at Assets/Editor/WalkTheBlockSceneBuilder.cs:107)

(Filename: Assets/Editor/MobileControlsSetup.cs Line: 98)

[MobileControlsSetup] Fixed script reference for CameraTouchDragZone via Assets/Scripts/CameraTouchDragZone.cs
UnityEngine.Debug:ExtractStackTraceNoAlloc (byte*,int,string)
UnityEngine.StackTraceUtility:ExtractStackTrace () (at /home/bokken/build/output/unity/unity/Runtime/Export/Scripting/StackTrace.cs:35)
UnityEngine.DebugLogHandler:Internal_Log (UnityEngine.LogType,UnityEngine.LogOption,string,UnityEngine.Object)
UnityEngine.DebugLogHandler:LogFormat (UnityEngine.LogType,UnityEngine.Object,string,object[])
UnityEngine.Logger:Log (UnityEngine.LogType,object)
UnityEngine.Debug:Log (object)
MobileControlsSetup:FixScriptReference<CameraTouchDragZone> (UnityEngine.GameObject) (at Assets/Editor/MobileControlsSetup.cs:35)
MobileControlsSetup:SetupMobileControls () (at Assets/Editor/MobileControlsSetup.cs:150)
WalkTheBlockSceneBuilder:BuildScene () (at Assets/Editor/WalkTheBlockSceneBuilder.cs:67)
WalkTheBlockSceneBuilder:BuildSceneWithVioletCharacter () (at Assets/Editor/WalkTheBlockSceneBuilder.cs:107)

(Filename: Assets/Editor/MobileControlsSetup.cs Line: 35)

[MobileControlsSetup] Fixed script reference for TouchButton via Assets/Scripts/TouchButton.cs
UnityEngine.Debug:ExtractStackTraceNoAlloc (byte*,int,string)
UnityEngine.StackTraceUtility:ExtractStackTrace () (at /home/bokken/build/output/unity/unity/Runtime/Export/Scripting/StackTrace.cs:35)
UnityEngine.DebugLogHandler:Internal_Log (UnityEngine.LogType,UnityEngine.LogOption,string,UnityEngine.Object)
UnityEngine.DebugLogHandler:LogFormat (UnityEngine.LogType,UnityEngine.Object,string,object[])
UnityEngine.Logger:Log (UnityEngine.LogType,object)
UnityEngine.Debug:Log (object)
MobileControlsSetup:FixScriptReference<TouchButton> (UnityEngine.GameObject) (at Assets/Editor/MobileControlsSetup.cs:35)
MobileControlsSetup:CreateButton (UnityEngine.Transform,string,UnityEngine.Color,UnityEngine.Vector2,UnityEngine.Vector2,string,UnityEngine.Sprite) (at Assets/Editor/MobileControlsSetup.cs:213)
MobileControlsSetup:SetupMobileControls () (at Assets/Editor/MobileControlsSetup.cs:155)
WalkTheBlockSceneBuilder:BuildScene () (at Assets/Editor/WalkTheBlockSceneBuilder.cs:67)
WalkTheBlockSceneBuilder:BuildSceneWithVioletCharacter () (at Assets/Editor/WalkTheBlockSceneBuilder.cs:107)

(Filename: Assets/Editor/MobileControlsSetup.cs Line: 35)

[MobileControlsSetup] Fixed script reference for TouchButton via Assets/Scripts/TouchButton.cs
UnityEngine.Debug:ExtractStackTraceNoAlloc (byte*,int,string)
UnityEngine.StackTraceUtility:ExtractStackTrace () (at /home/bokken/build/output/unity/unity/Runtime/Export/Scripting/StackTrace.cs:35)
UnityEngine.DebugLogHandler:Internal_Log (UnityEngine.LogType,UnityEngine.LogOption,string,UnityEngine.Object)
UnityEngine.DebugLogHandler:LogFormat (UnityEngine.LogType,UnityEngine.Object,string,object[])
UnityEngine.Logger:Log (UnityEngine.LogType,object)
UnityEngine.Debug:Log (object)
MobileControlsSetup:FixScriptReference<TouchButton> (UnityEngine.GameObject) (at Assets/Editor/MobileControlsSetup.cs:35)
MobileControlsSetup:CreateButton (UnityEngine.Transform,string,UnityEngine.Color,UnityEngine.Vector2,UnityEngine.Vector2,string,UnityEngine.Sprite) (at Assets/Editor/MobileControlsSetup.cs:213)
MobileControlsSetup:SetupMobileControls () (at Assets/Editor/MobileControlsSetup.cs:161)
WalkTheBlockSceneBuilder:BuildScene () (at Assets/Editor/WalkTheBlockSceneBuilder.cs:67)
WalkTheBlockSceneBuilder:BuildSceneWithVioletCharacter () (at Assets/Editor/WalkTheBlockSceneBuilder.cs:107)

(Filename: Assets/Editor/MobileControlsSetup.cs Line: 35)

[MobileControlsSetup] Fixed script reference for TouchButton via Assets/Scripts/TouchButton.cs
UnityEngine.Debug:ExtractStackTraceNoAlloc (byte*,int,string)
UnityEngine.StackTraceUtility:ExtractStackTrace () (at /home/bokken/build/output/unity/unity/Runtime/Export/Scripting/StackTrace.cs:35)
UnityEngine.DebugLogHandler:Internal_Log (UnityEngine.LogType,UnityEngine.LogOption,string,UnityEngine.Object)
UnityEngine.DebugLogHandler:LogFormat (UnityEngine.LogType,UnityEngine.Object,string,object[])
UnityEngine.Logger:Log (UnityEngine.LogType,object)
UnityEngine.Debug:Log (object)
MobileControlsSetup:FixScriptReference<TouchButton> (UnityEngine.GameObject) (at Assets/Editor/MobileControlsSetup.cs:35)
MobileControlsSetup:CreateButton (UnityEngine.Transform,string,UnityEngine.Color,UnityEngine.Vector2,UnityEngine.Vector2,string,UnityEngine.Sprite) (at Assets/Editor/MobileControlsSetup.cs:213)
MobileControlsSetup:SetupMobileControls () (at Assets/Editor/MobileControlsSetup.cs:173)
WalkTheBlockSceneBuilder:BuildScene () (at Assets/Editor/WalkTheBlockSceneBuilder.cs:67)
WalkTheBlockSceneBuilder:BuildSceneWithVioletCharacter () (at Assets/Editor/WalkTheBlockSceneBuilder.cs:107)

(Filename: Assets/Editor/MobileControlsSetup.cs Line: 35)

[MobileControls] Setup complete: joystick, camera drag, jump/crouch/dash buttons, safe area, circle sprites
UnityEngine.Debug:ExtractStackTraceNoAlloc (byte*,int,string)
UnityEngine.StackTraceUtility:ExtractStackTrace () (at /home/bokken/build/output/unity/unity/Runtime/Export/Scripting/StackTrace.cs:35)
UnityEngine.DebugLogHandler:Internal_Log (UnityEngine.LogType,UnityEngine.LogOption,string,UnityEngine.Object)
UnityEngine.DebugLogHandler:LogFormat (UnityEngine.LogType,UnityEngine.Object,string,object[])
UnityEngine.Logger:Log (UnityEngine.LogType,object)
UnityEngine.Debug:Log (object)
MobileControlsSetup:SetupMobileControls () (at Assets/Editor/MobileControlsSetup.cs:178)
WalkTheBlockSceneBuilder:BuildScene () (at Assets/Editor/WalkTheBlockSceneBuilder.cs:67)
WalkTheBlockSceneBuilder:BuildSceneWithVioletCharacter () (at Assets/Editor/WalkTheBlockSceneBuilder.cs:107)

(Filename: Assets/Editor/MobileControlsSetup.cs Line: 178)

[HUD] Reticle: 3 chevrons @ 120° + center pip, anchored center (0.5, 0.5)
UnityEngine.Debug:ExtractStackTraceNoAlloc (byte*,int,string)
UnityEngine.StackTraceUtility:ExtractStackTrace () (at /home/bokken/build/output/unity/unity/Runtime/Export/Scripting/StackTrace.cs:35)
UnityEngine.DebugLogHandler:Internal_Log (UnityEngine.LogType,UnityEngine.LogOption,string,UnityEngine.Object)
UnityEngine.DebugLogHandler:LogFormat (UnityEngine.LogType,UnityEngine.Object,string,object[])
UnityEngine.Logger:Log (UnityEngine.LogType,object)
UnityEngine.Debug:Log (object)
HUDSetup:SetupReticle (UnityEngine.Transform,UnityEngine.Sprite) (at Assets/Editor/HUDSetup.cs:347)
HUDSetup:SetupHUD () (at Assets/Editor/HUDSetup.cs:225)
WalkTheBlockSceneBuilder:BuildScene () (at Assets/Editor/WalkTheBlockSceneBuilder.cs:70)
WalkTheBlockSceneBuilder:BuildSceneWithVioletCharacter () (at Assets/Editor/WalkTheBlockSceneBuilder.cs:107)

(Filename: Assets/Editor/HUDSetup.cs Line: 347)

[HUD] DistrictBanner: created with CanvasGroup, fade coroutine will run on start
UnityEngine.Debug:ExtractStackTraceNoAlloc (byte*,int,string)
UnityEngine.StackTraceUtility:ExtractStackTrace () (at /home/bokken/build/output/unity/unity/Runtime/Export/Scripting/StackTrace.cs:35)
UnityEngine.DebugLogHandler:Internal_Log (UnityEngine.LogType,UnityEngine.LogOption,string,UnityEngine.Object)
UnityEngine.DebugLogHandler:LogFormat (UnityEngine.LogType,UnityEngine.Object,string,object[])
UnityEngine.Logger:Log (UnityEngine.LogType,object)
UnityEngine.Debug:Log (object)
HUDSetup:SetupBanner (UnityEngine.Transform) (at Assets/Editor/HUDSetup.cs:385)
HUDSetup:SetupHUD () (at Assets/Editor/HUDSetup.cs:228)
WalkTheBlockSceneBuilder:BuildScene () (at Assets/Editor/WalkTheBlockSceneBuilder.cs:70)
WalkTheBlockSceneBuilder:BuildSceneWithVioletCharacter () (at Assets/Editor/WalkTheBlockSceneBuilder.cs:107)

(Filename: Assets/Editor/HUDSetup.cs Line: 385)

[HUD] Setup complete: minimap, partner card, health/heat bars, weapon/ammo, reticle, banner, debug overlay, dev config
UnityEngine.Debug:ExtractStackTraceNoAlloc (byte*,int,string)
UnityEngine.StackTraceUtility:ExtractStackTrace () (at /home/bokken/build/output/unity/unity/Runtime/Export/Scripting/StackTrace.cs:35)
UnityEngine.DebugLogHandler:Internal_Log (UnityEngine.LogType,UnityEngine.LogOption,string,UnityEngine.Object)
UnityEngine.DebugLogHandler:LogFormat (UnityEngine.LogType,UnityEngine.Object,string,object[])
UnityEngine.Logger:Log (UnityEngine.LogType,object)
UnityEngine.Debug:Log (object)
HUDSetup:SetupHUD () (at Assets/Editor/HUDSetup.cs:299)
WalkTheBlockSceneBuilder:BuildScene () (at Assets/Editor/WalkTheBlockSceneBuilder.cs:70)
WalkTheBlockSceneBuilder:BuildSceneWithVioletCharacter () (at Assets/Editor/WalkTheBlockSceneBuilder.cs:107)

(Filename: Assets/Editor/HUDSetup.cs Line: 299)

Start importing Assets/Scenes/WalkTheBlock.unity using Guid(bd5e2819553000f77aef80374cdf9f52) (DefaultImporter) -> (artifact id: '9338d3a75ceccf9adfcab0372b105fca') in 0.001568457 seconds
Refreshing native plugins compatible for Editor in 0.74 ms, found 0 plugins.
Preloading 0 native plugins for Editor in 0.00 ms.
Asset Pipeline Refresh (id=cc55b2a8005d7bbdca9e22e6dc6b7e0b): Total: 0.052 seconds - Initiated by StopAssetImportingV2(NoUpdateAssetOptions)
Unloading the last loaded scene Assets/Scenes/WalkTheBlock.unity(build index: 0), is not supported. Please use SceneManager.LoadScene()/EditorSceneManager.OpenScene() to switch to another scene.
UnityEngine.Debug:ExtractStackTraceNoAlloc (byte*,int,string)
UnityEngine.StackTraceUtility:ExtractStackTrace () (at /home/bokken/build/output/unity/unity/Runtime/Export/Scripting/StackTrace.cs:35)
UnityEditor.SceneManagement.EditorSceneManager:CloseScene (UnityEngine.SceneManagement.Scene,bool)
WalkTheBlockSceneBuilder:BuildScene () (at Assets/Editor/WalkTheBlockSceneBuilder.cs:76)
WalkTheBlockSceneBuilder:BuildSceneWithVioletCharacter () (at Assets/Editor/WalkTheBlockSceneBuilder.cs:107)

[Assets/Editor/WalkTheBlockSceneBuilder.cs line 76]

Scene saved to Assets/Scenes/WalkTheBlock.unity
UnityEngine.Debug:ExtractStackTraceNoAlloc (byte*,int,string)
UnityEngine.StackTraceUtility:ExtractStackTrace () (at /home/bokken/build/output/unity/unity/Runtime/Export/Scripting/StackTrace.cs:35)
UnityEngine.DebugLogHandler:Internal_Log (UnityEngine.LogType,UnityEngine.LogOption,string,UnityEngine.Object)
UnityEngine.DebugLogHandler:LogFormat (UnityEngine.LogType,UnityEngine.Object,string,object[])
UnityEngine.Logger:Log (UnityEngine.LogType,object)
UnityEngine.Debug:Log (object)
WalkTheBlockSceneBuilder:BuildScene () (at Assets/Editor/WalkTheBlockSceneBuilder.cs:78)
WalkTheBlockSceneBuilder:BuildSceneWithVioletCharacter () (at Assets/Editor/WalkTheBlockSceneBuilder.cs:107)

(Filename: Assets/Editor/WalkTheBlockSceneBuilder.cs Line: 78)

[WalkTheBlockSceneBuilder] Assigned violet_material to SkinnedMeshRenderer, mainTexture=violet_albedo
UnityEngine.Debug:ExtractStackTraceNoAlloc (byte*,int,string)
UnityEngine.StackTraceUtility:ExtractStackTrace () (at /home/bokken/build/output/unity/unity/Runtime/Export/Scripting/StackTrace.cs:35)
UnityEngine.DebugLogHandler:Internal_Log (UnityEngine.LogType,UnityEngine.LogOption,string,UnityEngine.Object)
UnityEngine.DebugLogHandler:LogFormat (UnityEngine.LogType,UnityEngine.Object,string,object[])
UnityEngine.Logger:Log (UnityEngine.LogType,object)
UnityEngine.Debug:Log (object)
WalkTheBlockSceneBuilder:BuildSceneWithVioletCharacter () (at Assets/Editor/WalkTheBlockSceneBuilder.cs:159)

(Filename: Assets/Editor/WalkTheBlockSceneBuilder.cs Line: 159)

[WalkTheBlockSceneBuilder] Replaced proxy body with violet_tbp model, animator.isHuman=True
UnityEngine.Debug:ExtractStackTraceNoAlloc (byte*,int,string)
UnityEngine.StackTraceUtility:ExtractStackTrace () (at /home/bokken/build/output/unity/unity/Runtime/Export/Scripting/StackTrace.cs:35)
UnityEngine.DebugLogHandler:Internal_Log (UnityEngine.LogType,UnityEngine.LogOption,string,UnityEngine.Object)
UnityEngine.DebugLogHandler:LogFormat (UnityEngine.LogType,UnityEngine.Object,string,object[])
UnityEngine.Logger:Log (UnityEngine.LogType,object)
UnityEngine.Debug:Log (object)
WalkTheBlockSceneBuilder:BuildSceneWithVioletCharacter () (at Assets/Editor/WalkTheBlockSceneBuilder.cs:164)

(Filename: Assets/Editor/WalkTheBlockSceneBuilder.cs Line: 164)

Start importing Assets/Scenes/WalkTheBlock.unity using Guid(bd5e2819553000f77aef80374cdf9f52) (DefaultImporter) -> (artifact id: '62157674c55102b0a13a0a1c6362b953') in 0.001272586 seconds
Refreshing native plugins compatible for Editor in 0.82 ms, found 0 plugins.
Preloading 0 native plugins for Editor in 0.00 ms.
Asset Pipeline Refresh (id=0c2ea173fcd7af2ca897b9f063d36416): Total: 0.042 seconds - Initiated by StopAssetImportingV2(NoUpdateAssetOptions)
Asset Pipeline Refresh (id=642be78d9e97d36d5a3373d28fb8741b): Total: 0.123 seconds - Initiated by RefreshV2(NoUpdateAssetOptions)
[WalkTheBlockSceneBuilder] Scene built with violet_tbp model.
UnityEngine.Debug:ExtractStackTraceNoAlloc (byte*,int,string)
UnityEngine.StackTraceUtility:ExtractStackTrace () (at /home/bokken/build/output/unity/unity/Runtime/Export/Scripting/StackTrace.cs:35)
UnityEngine.DebugLogHandler:Internal_Log (UnityEngine.LogType,UnityEngine.LogOption,string,UnityEngine.Object)
UnityEngine.DebugLogHandler:LogFormat (UnityEngine.LogType,UnityEngine.Object,string,object[])
UnityEngine.Logger:Log (UnityEngine.LogType,object)
UnityEngine.Debug:Log (object)
WalkTheBlockSceneBuilder:BuildSceneWithVioletCharacter () (at Assets/Editor/WalkTheBlockSceneBuilder.cs:173)

(Filename: Assets/Editor/WalkTheBlockSceneBuilder.cs Line: 173)


(process:616738): Gtk-CRITICAL **: 17:28:51.350: gtk_widget_hide: assertion 'GTK_IS_WIDGET (widget)' failed

(process:616738): Gtk-CRITICAL **: 17:28:51.350: gtk_widget_destroy: assertion 'GTK_IS_WIDGET (widget)' failed

(process:616738): GLib-GObject-CRITICAL **: 17:28:51.350: g_object_unref: assertion 'G_IS_OBJECT (object)' failed
Disable old input system
[Project] Loading completed in 14.095 seconds
	Project init time: 				12.207 seconds
		Template init time: 		0.000 seconds
		Package Manager init time: 		0.653 seconds
		Asset Database init time: 		0.111 seconds
		Global illumination init time: 	0.007 seconds
		Assemblies load time: 			2.422 seconds
		Unity extensions init time: 	0.059 seconds
		Asset Database refresh time: 	8.544 seconds
	Scene opening time: 			1.874 seconds
##utp:{"type":"ProjectInfo","version":2,"phase":"Immediate","time":1785083331351,"processId":616738,"projectLoad":14.095245669,"projectInit":12.20676084,"templateInit":0.0,"packageManagerInit":0.65295397,"assetDatabaseInit":0.110929731,"globalIlluminationInit":0.007014058,"assembliesLoad":2.422359229,"unityExtensionsInit":0.058690918,"assetDatabaseRefresh":8.543666637,"sceneOpening":1.874462858}
##utp:{"type":"EditorInfo","version":2,"phase":"Immediate","time":1785083331351,"processId":616738,"editorVersion":"6000.3.20f1 (c9ba695d4f07)","branch":"6000.3/staging","buildType":"Release","platform":"Linux"}
Asset Pipeline Refresh (id=1197043689b8ce8ec83f4ceb777cd16c): Total: 0.122 seconds - Initiated by RefreshV2(ForceSynchronousImport)
[Licensing::Client] Successfully resolved entitlement details
[Licensing::Client] Successfully resolved entitlement details
Start Indexing on Editor startup
[Indexing] Starting Initial Indexing for Assets
[UnityConnectServicesConfig] config is NOT valid, switching to default
Created GICache directory at /home/ubuntu/.cache/unity3d/GiCache. Took: 0.002s, timestamps: [14.100 - 14.102]
TrimDiskCacheJob: Current cache size 0mb

(process:616738): Gtk-CRITICAL **: 17:31:55.420: gtk_main_quit: assertion 'main_loops != NULL' failed

SDL leaked 1 allocations
[Package Manager] Server process was shutdown
Assertion failed on expression: 'm_PodArrays.empty()'
190 TextureIDs were not freed
Checking for leaked weakptr:
  Found no leaked weakptrs.
Assertion failed on expression: 'm_RendererNodes.empty()'
All object instances wasn't destroyed before shutting down
Assertion failed on expression: 'm_MemoryFSRefCount == 0'
##utp:{"type":"MemoryLeaks","version":2,"phase":"Immediate","time":1785083515477,"processId":616738,"allocatedMemory":139740405,"memoryLabels":[{"Default":62189},{"Permanent":17568},{"Thread":1107016},{"Manager":1933924},{"VertexData":2790112},{"Geometry":600},{"Particles":17848},{"VFX":8856},{"Texture":16311401},{"Shader":615058},{"Material":27080},{"TextureCache":11185297},{"GfxDevice":36248},{"GfxThread":1536},{"Animation":39358},{"Audio":15448},{"FMODOther":1197022},{"Font":9284},{"FreeType":308100},{"FontEngine":736},{"Physics":558126},{"Physics2D":315200},{"Serialization":11055481},{"Input":60104},{"JobScheduler":11151528},{"TextLib":280},{"GarbageCollector":1049088},{"Mono":72},{"MonoCode":4265922},{"ScriptingNativeRuntime":374768},{"BaseObject":2441344},{"Resource":1296},{"Renderer":13056},{"Transform":4717},{"File":25472},{"Network":4399},{"WebCam":80},{"Culling":40},{"Terrain":11354},{"TerrainPhysics":8},{"Wind":24},{"Shadow":112},{"STL":1458176},{"String":4374354},{"DynamicArray":6556512},{"HashMap":8438198},{"Utility":2658752},{"Curl":3739},{"PoolAlloc":1952},{"AI":59688},{"TypeTree":1953240},{"ScriptManager":2399077},{"MonoScriptCache":234880},{"RuntimeInitializeOnLoadManager":64},{"AncestorCache":32},{"SpriteAtlas":112},{"GI":22592},{"ClusterRenderer":16},{"ClusterInput":56},{"Director":8208},{"CloudService":7056},{"WebRequest":552},{"VR":48394},{"SceneManager":536},{"Video":272},{"LazyScriptCache":32},{"ManagedAttributeManager":128},{"TextureStreaming":1424},{"NativeArray":83568},{"ScreenCapture":8},{"Camera":17},{"Secure":16977},{"CrashReporter":1008},{"SerializationCache":1576},{"APIUpdating":10320},{"Subsystems":336},{"VirtualTexturing":59496},{"StaticSafetyDebugInfo":278528},{"Analytics":464},{"Hierarchy":1416},{"UIElements":80},{"CoreStats":13112},{"Identifiers":6808},{"Gui":5078500},{"EditorUtility":78147},{"VersionControl":1348},{"Undo":979},{"AssetDatabase":38521282},{"AssetImporter":258593},{"EditorGi":22176},{"UnityConnect":29432},{"Upm":1820},{"AssetCompliance":64},{"DrivenProperties":72},{"LocalIPC":350},{"ProfilerEditor":9794},{"CoreBusinessMetrics":2420},{"Gizmos":4608},{"Search":376},{"TLS":10376},{"Licensing":1096},{"AssetReference":32},{"IPCStream":32}]}
PlatformDependent/Linux/External/baselib/builds/Include/C/Baselib_ThreadLocalStorage.inl.h(13): Assertion failed (rc == 0)
Caught fatal signal - signo:5 code:128 errno:0 addr:(nil)
[40m[32minfo[39m[22m[49m: Microsoft.Hosting.Lifetime[0]
      Application is shutting down...
[40m[32minfo[39m[22m[49m: Unity.ILPP.Runner.PostProcessingAssemblyLoadContext[0]
      ALC ILPP context 1 is unloading
Obtained 6 stack frames.
#0  0x0058d957ee7a4f in TLSAllocator<(AllocatorMode)0>::ThreadInitialize(unsigned long, char const*)
#1  0x0058d956e988ab in AudioManager::EngineThreadStarted(char const*)
#2  0x0058d956e98708 in AudioManager::systemCallback(FMOD_SYSTEM*, FMOD_SYSTEM_CALLBACKTYPE, void*, void*)
#3  0x0058d958fc0eac in FMOD::Thread::callback(void*)
#4  0x007b955a8ac10b in (Unknown)
#5  0x007b955a93f67c in (Unknown)

=================================================================
	Native Crash Reporting
=================================================================
Got a SIGSEGV while executing native code. This usually indicates
a fatal error in the mono runtime or one of the native libraries 
used by your application.
=================================================================

=================================================================
	Native stacktrace:
=================================================================
	0x7b947131538a - /home/ubuntu/Unity/Hub/Editor/6000.3.20f1/Editor/Data/MonoBleedingEdge/MonoEmbedRuntime/libmonobdwgc-2.0.so : 
	0x7b94712bdebe - /home/ubuntu/Unity/Hub/Editor/6000.3.20f1/Editor/Data/MonoBleedingEdge/MonoEmbedRuntime/libmonobdwgc-2.0.so : 
	0x7b94712433c0 - /home/ubuntu/Unity/Hub/Editor/6000.3.20f1/Editor/Data/MonoBleedingEdge/MonoEmbedRuntime/libmonobdwgc-2.0.so : 
	0x58d9562444bd - /home/ubuntu/Unity/Hub/Editor/6000.3.20f1/Editor/Unity : 
	0x7b955a847e10 - /usr/lib/x86_64-linux-gnu/libc.so.6 : 
	0x58d957d4d9d0 - /home/ubuntu/Unity/Hub/Editor/6000.3.20f1/Editor/Unity : 
	0x58d9567e4043 - /home/ubuntu/Unity/Hub/Editor/6000.3.20f1/Editor/Unity : 
	0x58d956244436 - /home/ubuntu/Unity/Hub/Editor/6000.3.20f1/Editor/Unity : 
	0x7b955a847e10 - /usr/lib/x86_64-linux-gnu/libc.so.6 : 
	0x58d957ee7a4f - /home/ubuntu/Unity/Hub/Editor/6000.3.20f1/Editor/Unity : 
	0x58d956e988ab - /home/ubuntu/Unity/Hub/Editor/6000.3.20f1/Editor/Unity : 
	0x58d956e98708 - /home/ubuntu/Unity/Hub/Editor/6000.3.20f1/Editor/Unity : 
	0x58d958fc0eac - /home/ubuntu/Unity/Hub/Editor/6000.3.20f1/Editor/Unity : 
	0x7b955a8ac10b - /usr/lib/x86_64-linux-gnu/libc.so.6 : 
	0x7b955a93f67c - /usr/lib/x86_64-linux-gnu/libc.so.6 : 

=================================================================
	Telemetry Dumper:
=================================================================
Thread 0x7b95500946c0 may have been prematurely finalized* Assertion at mono-threads.c:702, condition `info' not met, function:mono_thread_info_current, 

An error has occured in the native fault reporting. Some diagnostic information will be unavailable.

=================================================================
	Native stacktrace:
=================================================================
	0x7b947131538a - /home/ubuntu/Unity/Hub/Editor/6000.3.20f1/Editor/Data/MonoBleedingEdge/MonoEmbedRuntime/libmonobdwgc-2.0.so : 
	0x7b947145f816 - /home/ubuntu/Unity/Hub/Editor/6000.3.20f1/Editor/Data/MonoBleedingEdge/MonoEmbedRuntime/libmonobdwgc-2.0.so : mono_assertion_message_disabled
	0x7b9471454e4c - /home/ubuntu/Unity/Hub/Editor/6000.3.20f1/Editor/Data/MonoBleedingEdge/MonoEmbedRuntime/libmonobdwgc-2.0.so : 
	0x7b9471456314 - /home/ubuntu/Unity/Hub/Editor/6000.3.20f1/Editor/Data/MonoBleedingEdge/MonoEmbedRuntime/libmonobdwgc-2.0.so : 
	0x7b9471402bc0 - /home/ubuntu/Unity/Hub/Editor/6000.3.20f1/Editor/Data/MonoBleedingEdge/MonoEmbedRuntime/libmonobdwgc-2.0.so : 
	0x7b947131551d - /home/ubuntu/Unity/Hub/Editor/6000.3.20f1/Editor/Data/MonoBleedingEdge/MonoEmbedRuntime/libmonobdwgc-2.0.so : 
	0x7b94712bdebe - /home/ubuntu/Unity/Hub/Editor/6000.3.20f1/Editor/Data/MonoBleedingEdge/MonoEmbedRuntime/libmonobdwgc-2.0.so : 
	0x7b94712433c0 - /home/ubuntu/Unity/Hub/Editor/6000.3.20f1/Editor/Data/MonoBleedingEdge/MonoEmbedRuntime/libmonobdwgc-2.0.so : 
	0x58d9562444bd - /home/ubuntu/Unity/Hub/Editor/6000.3.20f1/Editor/Unity : 
	0x7b955a847e10 - /usr/lib/x86_64-linux-gnu/libc.so.6 : 
	0x58d957d4d9d0 - /home/ubuntu/Unity/Hub/Editor/6000.3.20f1/Editor/Unity : 
	0x58d9567e4043 - /home/ubuntu/Unity/Hub/Editor/6000.3.20f1/Editor/Unity : 
	0x58d956244436 - /home/ubuntu/Unity/Hub/Editor/6000.3.20f1/Editor/Unity : 
	0x7b955a847e10 - /usr/lib/x86_64-linux-gnu/libc.so.6 : 
	0x58d957ee7a4f - /home/ubuntu/Unity/Hub/Editor/6000.3.20f1/Editor/Unity : 
	0x58d956e988ab - /home/ubuntu/Unity/Hub/Editor/6000.3.20f1/Editor/Unity : 
	0x58d956e98708 - /home/ubuntu/Unity/Hub/Editor/6000.3.20f1/Editor/Unity : 
	0x58d958fc0eac - /home/ubuntu/Unity/Hub/Editor/6000.3.20f1/Editor/Unity : 
	0x7b955a8ac10b - /usr/lib/x86_64-linux-gnu/libc.so.6 : 
	0x7b955a93f67c - /usr/lib/x86_64-linux-gnu/libc.so.6 : 

=================================================================
	External Debugger Dump:
=================================================================
mono_gdb_render_native_backtraces not supported on this platform, unable to find gdb or lldb

Exiting early due to double fault.
